// 重构日志: 6fe7bbe5
// 重构日志: 79279e2d
// 重构日志: bf596574
// 重构日志: d9e83604
// 重构日志: 1ad6bc08
// 重构日志: 936f42c2
// 重构日志: 1fa4c81d
// 重构日志: fd1d0680
// 重构日志: 9c90c50f
// 重构日志: 5e6ab2c5
// 重构日志: 1c332971
// 重构日志: fb29f78c
// 重构日志: ff2ce8a4
// 同步 ID: fc0920bf @ Fri Jul 24 19:20:38 UTC 2026
// 重构日志: 302f6865
// 同步 ID: c8e2e060 @ Sat Jul 25 17:25:19 UTC 2026
// 重构日志: ec934071
// 重构日志: 65b94f21
// 重构日志: b7e5229b
// 同步 ID: 948a4ffd @ Sun Jul 26 22:39:34 UTC 2026
// 重构日志: 7e14a00e
// 同步 ID: 14df64ed @ Mon Jul 27 09:53:36 UTC 2026
// 重构日志: 02b866d4
// 重构日志: a688033e
// 重构日志: 0ecce01f
// 重构日志: 742b7d90
// 重构日志: dde43deb
// 重构日志: a56833cb
// 重构日志: 282be600
// 同步 ID: d2a05c93 @ Thu Jul 30 21:53:42 UTC 2026
// 重构日志: 13b24305
// 重构日志: 4fb3507b
